[    6894ms] [ERROR] Failed to load resource: the server responded with a status of 500 (Internal Server Error) @ http://localhost:3000/council:0
[    7136ms] [INFO] %cDownload the React DevTools for a better development experience: https://react.dev/link/react-devtools font-weight:bold @ webpack-internal:///(pages-dir-browser)/./node_modules/react-dom/cjs/react-dom-client.development.js:28004
[    7220ms] Error: ENOENT: no such file or directory, open '/home/leet/Music/Council/portal/.next/routes-manifest.json'
    at readFileSync (node:fs:440:20)
    at loadManifest (file:///home/leet/Music/Council/portal/node_modules/next/dist/server/load-manifest.external.js:41:41)
    at loadManifestFromRelativePath (file:///home/leet/Music/Council/portal/node_modules/next/dist/server/load-manifest.external.js:84:16)
    at AppPageRouteModule.loadManifests (file:///home/leet/Music/Council/portal/node_modules/next/dist/compiled/next-server/app-page.runtime.dev.js:41:28092)
    at AppPageRouteModule.prepare (file:///home/leet/Music/Council/portal/node_modules/next/dist/compiled/next-server/app-page.runtime.dev.js:41:35980)
    at async handler (webpack-internal:///(rsc)/./node_modules/next/dist/build/webpack/loaders/next-app-loader/index.js?name=app%2F(site)%2Fcouncil%2Fpage&page=%2F(site)%2Fcouncil%2Fpage&appPaths=%2F(site)%2Fcouncil%2Fpage&pagePath=private-next-app-dir%2F(site)%2Fcouncil%2Fpage.tsx&appDir=%2Fhome%2Fleet%2FMusic%2FCouncil%2Fportal%2Fsrc%2Fapp&pageExtensions=tsx&pageExtensions=ts&pageExtensions=jsx&pageExtensions=js&rootDir=%2Fhome%2Fleet%2FMusic%2FCouncil%2Fportal&isDev=true&tsconfigPath=tsconfig.json&basePath=&assetPrefix=&nextConfigOutput=&preferredRegion=&middlewareConfig=e30%3D&isGlobalNotFoundEnabled=!:193:27)
    at async doRender (file:///home/leet/Music/Council/portal/node_modules/next/dist/server/base-server.js:1592:34)
    at async DevServer.renderToResponseWithComponentsImpl (file:///home/leet/Music/Council/portal/node_modules/next/dist/server/base-server.js:1934:13)
    at async DevServer.renderPageComponent (file:///home/leet/Music/Council/portal/node_modules/next/dist/server/base-server.js:2400:24)
    at async DevServer.renderToResponseImpl (file:///home/leet/Music/Council/portal/node_modules/next/dist/server/base-server.js:2440:32)
    at async DevServer.pipeImpl (file:///home/leet/Music/Council/portal/node_modules/next/dist/server/base-server.js:1035:25)
    at async NextNodeServer.handleCatchallRenderRequest (file:///home/leet/Music/Council/portal/node_modules/next/dist/server/next-server.js:393:17)
    at async DevServer.handleRequestImpl (file:///home/leet/Music/Council/portal/node_modules/next/dist/server/base-server.js:925:17)
    at async (file:///home/leet/Music/Council/portal/node_modules/next/dist/server/dev/next-dev-server.js:398:20)
    at async Span.traceAsyncFn (file:///home/leet/Music/Council/portal/node_modules/next/dist/trace/trace.js:157:20)
    at async DevServer.handleRequest (file:///home/leet/Music/Council/portal/node_modules/next/dist/server/dev/next-dev-server.js:394:24)
    at async invokeRender (file:///home/leet/Music/Council/portal/node_modules/next/dist/server/lib/router-server.js:239:21)
    at async handleRequest (file:///home/leet/Music/Council/portal/node_modules/next/dist/server/lib/router-server.js:436:24)
    at async requestHandlerImpl (file:///home/leet/Music/Council/portal/node_modules/next/dist/server/lib/router-server.js:464:13)
    at async Server.requestListener (file:///home/leet/Music/Council/portal/node_modules/next/dist/server/lib/start-server.js:218:13)
[    7212ms] [LOG] [HMR] connected @ webpack-internal:///(pages-dir-browser)/./node_modules/next/dist/client/dev/hot-reloader/pages/websocket.js:45
[    7228ms] [ERROR] Failed to load resource: the server responded with a status of 404 (Not Found) @ http://localhost:3000/favicon.ico:0
[  112452ms] [ERROR] Refused to apply style from 'http://localhost:3000/_next/static/css/app/layout.css?v=1786714671001' because its MIME type ('text/html') is not a supported stylesheet MIME type, and strict MIME checking is enabled. @ http://localhost:3000/council:0
[  112532ms] [ERROR] Failed to load resource: the server responded with a status of 404 (Not Found) @ http://localhost:3000/_next/static/media/6ba5f591ae6c56f6-s.p.woff2:0
[  112533ms] [ERROR] Failed to load resource: the server responded with a status of 404 (Not Found) @ http://localhost:3000/_next/static/media/af4bf8399d1aacdf-s.p.woff2:0
[  112533ms] [ERROR] Failed to load resource: the server responded with a status of 404 (Not Found) @ http://localhost:3000/_next/static/media/bb3ef058b751a6ad-s.p.woff2:0
[  112534ms] [ERROR] Failed to load resource: the server responded with a status of 404 (Not Found) @ http://localhost:3000/_next/static/media/e4af272ccee01ff0-s.p.woff2:0
[  112635ms] [ERROR] Failed to load resource: the server responded with a status of 404 (Not Found) @ http://localhost:3000/_next/static/chunks/main-app.js?v=1786714671001:0
[  112635ms] [ERROR] Refused to execute script from 'http://localhost:3000/_next/static/chunks/main-app.js?v=1786714671001' because its MIME type ('text/html') is not executable, and strict MIME type checking is enabled. @ http://localhost:3000/council:0
[  112642ms] [ERROR] Failed to load resource: the server responded with a status of 404 (Not Found) @ http://localhost:3000/_next/static/chunks/app-pages-internals.js:0
[  112642ms] [ERROR] Refused to execute script from 'http://localhost:3000/_next/static/chunks/app-pages-internals.js' because its MIME type ('text/html') is not executable, and strict MIME type checking is enabled. @ http://localhost:3000/council:0
[  112644ms] [ERROR] Failed to load resource: the server responded with a status of 404 (Not Found) @ http://localhost:3000/_next/static/chunks/app/(site)/layout.js:0
[  112644ms] [ERROR] Refused to execute script from 'http://localhost:3000/_next/static/chunks/app/(site)/layout.js' because its MIME type ('text/html') is not executable, and strict MIME type checking is enabled. @ http://localhost:3000/council:0
[  112645ms] [ERROR] Failed to load resource: the server responded with a status of 404 (Not Found) @ http://localhost:3000/_next/static/chunks/app/(site)/council/page.js:0
[  112645ms] [ERROR] Refused to execute script from 'http://localhost:3000/_next/static/chunks/app/(site)/council/page.js' because its MIME type ('text/html') is not executable, and strict MIME type checking is enabled. @ http://localhost:3000/council:0
[  119891ms] [ERROR] Failed to load resource: the server responded with a status of 500 (Internal Server Error) @ http://localhost:3000/_next/image?url=https%3A%2F%2Fpub-88f0a7c5d200469fa7dbb8f90c605d45.r2.dev%2Fmedia%2Fce6550fb-8346-43a4-82a8-989f63aae146-vp3.jpg&w=480&q=78:0
[  120800ms] [ERROR] Failed to load resource: the server responded with a status of 500 (Internal Server Error) @ http://localhost:3000/_next/image?url=https%3A%2F%2Fpub-88f0a7c5d200469fa7dbb8f90c605d45.r2.dev%2Fmedia%2F5424e695-166b-4b5a-90f5-051723db2312-tres1.jpg&w=480&q=78:0
[  123545ms] [ERROR] Failed to load resource: the server responded with a status of 500 (Internal Server Error) @ http://localhost:3000/_next/image?url=https%3A%2F%2Fpub-88f0a7c5d200469fa7dbb8f90c605d45.r2.dev%2Fmedia%2F1e6893fa-3b85-477e-8752-aa6b59490118-20.jpg&w=480&q=78:0
[  125022ms] [ERROR] Failed to load resource: the server responded with a status of 500 (Internal Server Error) @ http://localhost:3000/_next/image?url=https%3A%2F%2Fpub-88f0a7c5d200469fa7dbb8f90c605d45.r2.dev%2Fmedia%2F8e50424b-469d-4bc0-b947-69f2994ccc0a-19.jpg&w=480&q=78:0
[  128025ms] [WARNING] The resource http://localhost:3000/_next/static/media/e4af272ccee01ff0-s.p.woff2 was preloaded using link preload but not used within a few seconds from the window's load event. Please make sure it has an appropriate `as` value and it is preloaded intentionally. @ http://localhost:3000/council:0
[  128025ms] [WARNING] The resource http://localhost:3000/_next/static/media/af4bf8399d1aacdf-s.p.woff2 was preloaded using link preload but not used within a few seconds from the window's load event. Please make sure it has an appropriate `as` value and it is preloaded intentionally. @ http://localhost:3000/council:0
[  128025ms] [WARNING] The resource http://localhost:3000/_next/static/media/6ba5f591ae6c56f6-s.p.woff2 was preloaded using link preload but not used within a few seconds from the window's load event. Please make sure it has an appropriate `as` value and it is preloaded intentionally. @ http://localhost:3000/council:0
[  128025ms] [WARNING] The resource http://localhost:3000/_next/static/media/bb3ef058b751a6ad-s.p.woff2 was preloaded using link preload but not used within a few seconds from the window's load event. Please make sure it has an appropriate `as` value and it is preloaded intentionally. @ http://localhost:3000/council:0
[  155123ms] [WARNING] The resource http://localhost:3000/_next/static/media/e4af272ccee01ff0-s.p.woff2 was preloaded using link preload but not used within a few seconds from the window's load event. Please make sure it has an appropriate `as` value and it is preloaded intentionally. @ http://localhost:3000/council:0
[  155123ms] [WARNING] The resource http://localhost:3000/_next/static/media/af4bf8399d1aacdf-s.p.woff2 was preloaded using link preload but not used within a few seconds from the window's load event. Please make sure it has an appropriate `as` value and it is preloaded intentionally. @ http://localhost:3000/council:0
[  155123ms] [WARNING] The resource http://localhost:3000/_next/static/media/6ba5f591ae6c56f6-s.p.woff2 was preloaded using link preload but not used within a few seconds from the window's load event. Please make sure it has an appropriate `as` value and it is preloaded intentionally. @ http://localhost:3000/council:0
[  155123ms] [WARNING] The resource http://localhost:3000/_next/static/media/bb3ef058b751a6ad-s.p.woff2 was preloaded using link preload but not used within a few seconds from the window's load event. Please make sure it has an appropriate `as` value and it is preloaded intentionally. @ http://localhost:3000/council:0
[  156744ms] [ERROR] Failed to load resource: the server responded with a status of 500 (Internal Server Error) @ http://localhost:3000/_next/image?url=https%3A%2F%2Fpub-88f0a7c5d200469fa7dbb8f90c605d45.r2.dev%2Fmedia%2F8e50424b-469d-4bc0-b947-69f2994ccc0a-19.jpg&w=360&q=78:0
[  159745ms] [WARNING] The resource http://localhost:3000/_next/static/media/e4af272ccee01ff0-s.p.woff2 was preloaded using link preload but not used within a few seconds from the window's load event. Please make sure it has an appropriate `as` value and it is preloaded intentionally. @ http://localhost:3000/council:0
[  159745ms] [WARNING] The resource http://localhost:3000/_next/static/media/af4bf8399d1aacdf-s.p.woff2 was preloaded using link preload but not used within a few seconds from the window's load event. Please make sure it has an appropriate `as` value and it is preloaded intentionally. @ http://localhost:3000/council:0
[  159745ms] [WARNING] The resource http://localhost:3000/_next/static/media/6ba5f591ae6c56f6-s.p.woff2 was preloaded using link preload but not used within a few seconds from the window's load event. Please make sure it has an appropriate `as` value and it is preloaded intentionally. @ http://localhost:3000/council:0
[  159745ms] [WARNING] The resource http://localhost:3000/_next/static/media/bb3ef058b751a6ad-s.p.woff2 was preloaded using link preload but not used within a few seconds from the window's load event. Please make sure it has an appropriate `as` value and it is preloaded intentionally. @ http://localhost:3000/council:0
[  236485ms] [ERROR] Refused to apply style from 'http://localhost:3000/_next/static/css/app/layout.css?v=1786714796276' because its MIME type ('text/html') is not a supported stylesheet MIME type, and strict MIME checking is enabled. @ http://localhost:3000/council:0
[  236547ms] [ERROR] Failed to load resource: the server responded with a status of 404 (Not Found) @ http://localhost:3000/_next/static/media/af4bf8399d1aacdf-s.p.woff2:0
[  236547ms] [ERROR] Failed to load resource: the server responded with a status of 404 (Not Found) @ http://localhost:3000/_next/static/media/bb3ef058b751a6ad-s.p.woff2:0
[  236548ms] [ERROR] Failed to load resource: the server responded with a status of 404 (Not Found) @ http://localhost:3000/_next/static/media/6ba5f591ae6c56f6-s.p.woff2:0
[  236548ms] [ERROR] Failed to load resource: the server responded with a status of 404 (Not Found) @ http://localhost:3000/_next/static/media/e4af272ccee01ff0-s.p.woff2:0
[  236619ms] [ERROR] Failed to load resource: the server responded with a status of 404 (Not Found) @ http://localhost:3000/_next/static/chunks/main-app.js?v=1786714796276:0
[  236619ms] [ERROR] Refused to execute script from 'http://localhost:3000/_next/static/chunks/main-app.js?v=1786714796276' because its MIME type ('text/html') is not executable, and strict MIME type checking is enabled. @ http://localhost:3000/council:0
[  236626ms] [ERROR] Failed to load resource: the server responded with a status of 404 (Not Found) @ http://localhost:3000/_next/static/chunks/app/(site)/layout.js:0
[  236626ms] [ERROR] Refused to execute script from 'http://localhost:3000/_next/static/chunks/app/(site)/layout.js' because its MIME type ('text/html') is not executable, and strict MIME type checking is enabled. @ http://localhost:3000/council:0
[  236627ms] [ERROR] Failed to load resource: the server responded with a status of 404 (Not Found) @ http://localhost:3000/_next/static/chunks/app/(site)/council/page.js:0
[  236627ms] [ERROR] Refused to execute script from 'http://localhost:3000/_next/static/chunks/app/(site)/council/page.js' because its MIME type ('text/html') is not executable, and strict MIME type checking is enabled. @ http://localhost:3000/council:0
[  236627ms] [ERROR] Failed to load resource: the server responded with a status of 404 (Not Found) @ http://localhost:3000/_next/static/chunks/app-pages-internals.js:0
[  236627ms] [ERROR] Refused to execute script from 'http://localhost:3000/_next/static/chunks/app-pages-internals.js' because its MIME type ('text/html') is not executable, and strict MIME type checking is enabled. @ http://localhost:3000/council:0
[  242004ms] [WARNING] The resource http://localhost:3000/_next/static/media/e4af272ccee01ff0-s.p.woff2 was preloaded using link preload but not used within a few seconds from the window's load event. Please make sure it has an appropriate `as` value and it is preloaded intentionally. @ http://localhost:3000/council:0
[  242004ms] [WARNING] The resource http://localhost:3000/_next/static/media/af4bf8399d1aacdf-s.p.woff2 was preloaded using link preload but not used within a few seconds from the window's load event. Please make sure it has an appropriate `as` value and it is preloaded intentionally. @ http://localhost:3000/council:0
[  242004ms] [WARNING] The resource http://localhost:3000/_next/static/media/6ba5f591ae6c56f6-s.p.woff2 was preloaded using link preload but not used within a few seconds from the window's load event. Please make sure it has an appropriate `as` value and it is preloaded intentionally. @ http://localhost:3000/council:0
[  242004ms] [WARNING] The resource http://localhost:3000/_next/static/media/bb3ef058b751a6ad-s.p.woff2 was preloaded using link preload but not used within a few seconds from the window's load event. Please make sure it has an appropriate `as` value and it is preloaded intentionally. @ http://localhost:3000/council:0
[  243854ms] [ERROR] Failed to load resource: the server responded with a status of 500 (Internal Server Error) @ http://localhost:3000/_next/image?url=https%3A%2F%2Fpub-88f0a7c5d200469fa7dbb8f90c605d45.r2.dev%2Fmedia%2Fcc24bf7e-e1c6-4947-9ebc-4f76798cae8b-15.jpg&w=360&q=78:0
[  247126ms] [WARNING] The resource http://localhost:3000/_next/static/media/e4af272ccee01ff0-s.p.woff2 was preloaded using link preload but not used within a few seconds from the window's load event. Please make sure it has an appropriate `as` value and it is preloaded intentionally. @ http://localhost:3000/council:0
[  247126ms] [WARNING] The resource http://localhost:3000/_next/static/media/af4bf8399d1aacdf-s.p.woff2 was preloaded using link preload but not used within a few seconds from the window's load event. Please make sure it has an appropriate `as` value and it is preloaded intentionally. @ http://localhost:3000/council:0
[  247126ms] [WARNING] The resource http://localhost:3000/_next/static/media/6ba5f591ae6c56f6-s.p.woff2 was preloaded using link preload but not used within a few seconds from the window's load event. Please make sure it has an appropriate `as` value and it is preloaded intentionally. @ http://localhost:3000/council:0
[  247126ms] [WARNING] The resource http://localhost:3000/_next/static/media/bb3ef058b751a6ad-s.p.woff2 was preloaded using link preload but not used within a few seconds from the window's load event. Please make sure it has an appropriate `as` value and it is preloaded intentionally. @ http://localhost:3000/council:0
