[    7850ms] [INFO] %cDownload the React DevTools for a better development experience: https://react.dev/link/react-devtools font-weight:bold @ webpack-internal:///(app-pages-browser)/./node_modules/next/dist/compiled/react-dom/cjs/react-dom-client.development.js:25581
[    8077ms] [LOG] %c[Vercel Web Analytics]%c Debug mode is enabled by default in development. No requests will be sent to the server. color: rgb(120, 120, 120) color: inherit @ https://va.vercel-scripts.com/v1/script.debug.js:0
[    8077ms] [LOG] %c[Vercel Web Analytics]%c Running queued event color: rgb(120, 120, 120) color: inherit pageview {route: /management/login, path: /management/login} @ https://va.vercel-scripts.com/v1/script.debug.js:0
[    8077ms] [LOG] %c[Vercel Web Analytics]%c [view] http://localhost:3022/management/login color: rgb(120, 120, 120) color: inherit {o: http://localhost:3022/management/login, sv: 0.1.3, sdkn: @vercel/analytics/next, sdkv: 2.0.1, ts: 1786976087701} /_vercel/insights/view @ https://va.vercel-scripts.com/v1/script.debug.js:0
[   25016ms] [LOG] %c[Vercel Web Analytics]%c [view] http://localhost:3022/management color: rgb(120, 120, 120) color: inherit {o: http://localhost:3022/management, sv: 0.1.3, sdkn: @vercel/analytics/next, sdkv: 2.0.1, ts: 1786976104635} /_vercel/insights/view @ https://va.vercel-scripts.com/v1/script.debug.js:0
[   25029ms] [ERROR] Failed to load resource: net::ERR_SSL_PROTOCOL_ERROR @ https://localhost:3022/management/oval:0
[   25030ms] [ERROR] Failed to fetch RSC payload for http://localhost:3022/management. Falling back to browser navigation. TypeError: Failed to fetch
    at createFetch (webpack-internal:///(app-pages-browser)/./node_modules/next/dist/client/components/router-reducer/fetch-server-response.js:171:33)
    at fetchServerResponse (webpack-internal:///(app-pages-browser)/./node_modules/next/dist/client/components/router-reducer/fetch-server-response.js:96:27)
    at eval (webpack-internal:///(app-pages-browser)/./node_modules/next/dist/client/components/router-reducer/prefetch-cache-utils.js:197:106)
    at Object.task (webpack-internal:///(app-pages-browser)/./node_modules/next/dist/client/components/promise-queue.js:30:38)
    at PromiseQueue.processNext (webpack-internal:///(app-pages-browser)/./node_modules/next/dist/client/components/promise-queue.js:81:186)
    at PromiseQueue.enqueue (webpack-internal:///(app-pages-browser)/./node_modules/next/dist/client/components/promise-queue.js:45:76)
    at createLazyPrefetchEntry (webpack-internal:///(app-pages-browser)/./node_modules/next/dist/client/components/router-reducer/prefetch-cache-utils.js:197:49)
    at getOrCreatePrefetchCacheEntry (webpack-internal:///(app-pages-browser)/./node_modules/next/dist/client/components/router-reducer/prefetch-cache-utils.js:144:12)
    at navigateReducer (webpack-internal:///(app-pages-browser)/./node_modules/next/dist/client/components/router-reducer/reducers/navigate-reducer.js:163:82)
    at clientReducer (webpack-internal:///(app-pages-browser)/./node_modules/next/dist/client/components/router-reducer/router-reducer.js:25:61)
    at Object.action (webpack-internal:///(app-pages-browser)/./node_modules/next/dist/client/components/app-router-instance.js:156:55)
    at runAction (webpack-internal:///(app-pages-browser)/./node_modules/next/dist/client/components/app-router-instance.js:66:38)
    at dispatchAction (webpack-internal:///(app-pages-browser)/./node_modules/next/dist/client/components/app-router-instance.js:120:9)
    at Object.dispatch (webpack-internal:///(app-pages-browser)/./node_modules/next/dist/client/components/app-router-instance.js:154:40)
    at eval (webpack-internal:///(app-pages-browser)/./node_modules/next/dist/client/components/use-action-queue.js:55:29)
    at startTransition (webpack-internal:///(app-pages-browser)/./node_modules/next/dist/compiled/react-dom/cjs/react-dom-client.development.js:7939:27)
    at dispatch (webpack-internal:///(app-pages-browser)/./node_modules/next/dist/client/components/use-action-queue.js:54:13)
    at dispatchAppRouterAction (webpack-internal:///(app-pages-browser)/./node_modules/next/dist/client/components/use-action-queue.js:37:5)
    at dispatchNavigateAction (webpack-internal:///(app-pages-browser)/./node_modules/next/dist/client/components/app-router-instance.js:207:49)
    at eval (webpack-internal:///(app-pages-browser)/./node_modules/next/dist/client/components/app-router-instance.js:260:13)
    at exports.startTransition (webpack-internal:///(app-pages-browser)/./node_modules/next/dist/compiled/react/cjs/react.development.js:1131:27)
    at Object.push (webpack-internal:///(app-pages-browser)/./node_modules/next/dist/client/components/app-router-instance.js:258:36)
    at eval (webpack-internal:///(app-pages-browser)/./node_modules/next/dist/client/components/redirect-boundary.js:32:24)
    at exports.startTransition (webpack-internal:///(app-pages-browser)/./node_modules/next/dist/compiled/react/cjs/react.development.js:1131:27)
    at eval (webpack-internal:///(app-pages-browser)/./node_modules/next/dist/client/components/redirect-boundary.js:30:24)
    at Object.react_stack_bottom_frame (webpack-internal:///(app-pages-browser)/./node_modules/next/dist/compiled/react-dom/cjs/react-dom-client.development.js:23638:20)
    at runWithFiberInDEV (webpack-internal:///(app-pages-browser)/./node_modules/next/dist/compiled/react-dom/cjs/react-dom-client.development.js:873:30)
    at commitHookEffectListMount (webpack-internal:///(app-pages-browser)/./node_modules/next/dist/compiled/react-dom/cjs/react-dom-client.development.js:12296:29)
    at commitHookPassiveMountEffects (webpack-internal:///(app-pages-browser)/./node_modules/next/dist/compiled/react-dom/cjs/react-dom-client.development.js:12417:11)
    at commitPassiveMountOnFiber (webpack-internal:///(app-pages-browser)/./node_modules/next/dist/compiled/react-dom/cjs/react-dom-client.development.js:14338:13)
    at recursivelyTraversePassiveMountEffects (webpack-internal:///(app-pages-browser)/./node_modules/next/dist/compiled/react-dom/cjs/react-dom-client.development.js:14311:11)
    at commitPassiveMountOnFiber (webpack-internal:///(app-pages-browser)/./node_modules/next/dist/compiled/react-dom/cjs/react-dom-client.development.js:14341:11)
    at recursivelyTraversePassiveMountEffects (webpack-internal:///(app-pages-browser)/./node_modules/next/dist/compiled/react-dom/cjs/react-dom-client.development.js:14311:11)
    at commitPassiveMountOnFiber (webpack-internal:///(app-pages-browser)/./node_modules/next/dist/compiled/react-dom/cjs/react-dom-client.development.js:14331:11)
    at recursivelyTraversePassiveMountEffects (webpack-internal:///(app-pages-browser)/./node_modules/next/dist/compiled/react-dom/cjs/react-dom-client.development.js:14311:11)
    at commitPassiveMountOnFiber (webpack-internal:///(app-pages-browser)/./node_modules/next/dist/compiled/react-dom/cjs/react-dom-client.development.js:14331:11)
    at recursivelyTraversePassiveMountEffects (webpack-internal:///(app-pages-browser)/./node_modules/next/dist/compiled/react-dom/cjs/react-dom-client.development.js:14311:11)
    at commitPassiveMountOnFiber (webpack-internal:///(app-pages-browser)/./node_modules/next/dist/compiled/react-dom/cjs/react-dom-client.development.js:14331:11)
    at recursivelyTraversePassiveMountEffects (webpack-internal:///(app-pages-browser)/./node_modules/next/dist/compiled/react-dom/cjs/react-dom-client.development.js:14311:11)
    at commitPassiveMountOnFiber (webpack-internal:///(app-pages-browser)/./node_modules/next/dist/compiled/react-dom/cjs/react-dom-client.development.js:14331:11)
    at recursivelyTraversePassiveMountEffects (webpack-internal:///(app-pages-browser)/./node_modules/next/dist/compiled/react-dom/cjs/react-dom-client.development.js:14311:11)
    at commitPassiveMountOnFiber (webpack-internal:///(app-pages-browser)/./node_modules/next/dist/compiled/react-dom/cjs/react-dom-client.development.js:14341:11)
    at recursivelyTraversePassiveMountEffects (webpack-internal:///(app-pages-browser)/./node_modules/next/dist/compiled/react-dom/cjs/react-dom-client.development.js:14311:11)
    at commitPassiveMountOnFiber (webpack-internal:///(app-pages-browser)/./node_modules/next/dist/compiled/react-dom/cjs/react-dom-client.development.js:14331:11)
    at recursivelyTraversePassiveMountEffects (webpack-internal:///(app-pages-browser)/./node_modules/next/dist/compiled/react-dom/cjs/react-dom-client.development.js:14311:11)
    at commitPassiveMountOnFiber (webpack-internal:///(app-pages-browser)/./node_modules/next/dist/compiled/react-dom/cjs/react-dom-client.development.js:14331:11)
    at recursivelyTraversePassiveMountEffects (webpack-internal:///(app-pages-browser)/./node_modules/next/dist/compiled/react-dom/cjs/react-dom-client.development.js:14311:11)
    at commitPassiveMountOnFiber (webpack-internal:///(app-pages-browser)/./node_modules/next/dist/compiled/react-dom/cjs/react-dom-client.development.js:14465:11)
    at recursivelyTraversePassiveMountEffects (webpack-internal:///(app-pages-browser)/./node_modules/next/dist/compiled/react-dom/cjs/react-dom-client.development.js:14311:11)
    at commitPassiveMountOnFiber (webpack-internal:///(app-pages-browser)/./node_modules/next/dist/compiled/react-dom/cjs/react-dom-client.development.js:14465:11) @ webpack-internal:///(app-pages-browser)/./node_modules/next/dist/next-devtools/userspace/app/errors/intercept-console-error.js:56
[   25117ms] [ERROR] Failed to load resource: net::ERR_SSL_PROTOCOL_ERROR @ https://localhost:3022/management/oval:0
[   25117ms] [ERROR] Failed to fetch RSC payload for http://localhost:3022/management. Falling back to browser navigation. TypeError: Failed to fetch
    at createFetch (webpack-internal:///(app-pages-browser)/./node_modules/next/dist/client/components/router-reducer/fetch-server-response.js:171:33)
    at fetchServerResponse (webpack-internal:///(app-pages-browser)/./node_modules/next/dist/client/components/router-reducer/fetch-server-response.js:96:27)
    at eval (webpack-internal:///(app-pages-browser)/./node_modules/next/dist/client/components/router-reducer/prefetch-cache-utils.js:197:106)
    at Object.task (webpack-internal:///(app-pages-browser)/./node_modules/next/dist/client/components/promise-queue.js:30:38)
    at PromiseQueue.processNext (webpack-internal:///(app-pages-browser)/./node_modules/next/dist/client/components/promise-queue.js:81:186)
    at PromiseQueue.enqueue (webpack-internal:///(app-pages-browser)/./node_modules/next/dist/client/components/promise-queue.js:45:76)
    at createLazyPrefetchEntry (webpack-internal:///(app-pages-browser)/./node_modules/next/dist/client/components/router-reducer/prefetch-cache-utils.js:197:49)
    at getOrCreatePrefetchCacheEntry (webpack-internal:///(app-pages-browser)/./node_modules/next/dist/client/components/router-reducer/prefetch-cache-utils.js:144:12)
    at navigateReducer (webpack-internal:///(app-pages-browser)/./node_modules/next/dist/client/components/router-reducer/reducers/navigate-reducer.js:163:82)
    at clientReducer (webpack-internal:///(app-pages-browser)/./node_modules/next/dist/client/components/router-reducer/router-reducer.js:25:61)
    at Object.action (webpack-internal:///(app-pages-browser)/./node_modules/next/dist/client/components/app-router-instance.js:156:55)
    at runAction (webpack-internal:///(app-pages-browser)/./node_modules/next/dist/client/components/app-router-instance.js:66:38)
    at dispatchAction (webpack-internal:///(app-pages-browser)/./node_modules/next/dist/client/components/app-router-instance.js:136:9)
    at Object.dispatch (webpack-internal:///(app-pages-browser)/./node_modules/next/dist/client/components/app-router-instance.js:154:40)
    at eval (webpack-internal:///(app-pages-browser)/./node_modules/next/dist/client/components/use-action-queue.js:55:29)
    at startTransition (webpack-internal:///(app-pages-browser)/./node_modules/next/dist/compiled/react-dom/cjs/react-dom-client.development.js:7939:27)
    at dispatch (webpack-internal:///(app-pages-browser)/./node_modules/next/dist/client/components/use-action-queue.js:54:13)
    at dispatchAppRouterAction (webpack-internal:///(app-pages-browser)/./node_modules/next/dist/client/components/use-action-queue.js:37:5)
    at dispatchNavigateAction (webpack-internal:///(app-pages-browser)/./node_modules/next/dist/client/components/app-router-instance.js:207:49)
    at eval (webpack-internal:///(app-pages-browser)/./node_modules/next/dist/client/components/app-router-instance.js:260:13)
    at exports.startTransition (webpack-internal:///(app-pages-browser)/./node_modules/next/dist/compiled/react/cjs/react.development.js:1131:27)
    at Object.push (webpack-internal:///(app-pages-browser)/./node_modules/next/dist/client/components/app-router-instance.js:258:36)
    at eval (webpack-internal:///(app-pages-browser)/./node_modules/next/dist/client/components/redirect-boundary.js:32:24)
    at exports.startTransition (webpack-internal:///(app-pages-browser)/./node_modules/next/dist/compiled/react/cjs/react.development.js:1131:27)
    at eval (webpack-internal:///(app-pages-browser)/./node_modules/next/dist/client/components/redirect-boundary.js:30:24)
    at Object.react_stack_bottom_frame (webpack-internal:///(app-pages-browser)/./node_modules/next/dist/compiled/react-dom/cjs/react-dom-client.development.js:23638:20)
    at runWithFiberInDEV (webpack-internal:///(app-pages-browser)/./node_modules/next/dist/compiled/react-dom/cjs/react-dom-client.development.js:873:30)
    at commitHookEffectListMount (webpack-internal:///(app-pages-browser)/./node_modules/next/dist/compiled/react-dom/cjs/react-dom-client.development.js:12296:29)
    at commitHookPassiveMountEffects (webpack-internal:///(app-pages-browser)/./node_modules/next/dist/compiled/react-dom/cjs/react-dom-client.development.js:12417:11)
    at reconnectPassiveEffects (webpack-internal:///(app-pages-browser)/./node_modules/next/dist/compiled/react-dom/cjs/react-dom-client.development.js:14514:11)
    at doubleInvokeEffectsOnFiber (webpack-internal:///(app-pages-browser)/./node_modules/next/dist/compiled/react-dom/cjs/react-dom-client.development.js:16517:11)
    at runWithFiberInDEV (webpack-internal:///(app-pages-browser)/./node_modules/next/dist/compiled/react-dom/cjs/react-dom-client.development.js:873:30)
    at recursivelyTraverseAndDoubleInvokeEffectsInDEV (webpack-internal:///(app-pages-browser)/./node_modules/next/dist/compiled/react-dom/cjs/react-dom-client.development.js:16481:17)
    at recursivelyTraverseAndDoubleInvokeEffectsInDEV (webpack-internal:///(app-pages-browser)/./node_modules/next/dist/compiled/react-dom/cjs/react-dom-client.development.js:16487:17)
    at recursivelyTraverseAndDoubleInvokeEffectsInDEV (webpack-internal:///(app-pages-browser)/./node_modules/next/dist/compiled/react-dom/cjs/react-dom-client.development.js:16487:17)
    at recursivelyTraverseAndDoubleInvokeEffectsInDEV (webpack-internal:///(app-pages-browser)/./node_modules/next/dist/compiled/react-dom/cjs/react-dom-client.development.js:16487:17)
    at recursivelyTraverseAndDoubleInvokeEffectsInDEV (webpack-internal:///(app-pages-browser)/./node_modules/next/dist/compiled/react-dom/cjs/react-dom-client.development.js:16487:17)
    at recursivelyTraverseAndDoubleInvokeEffectsInDEV (webpack-internal:///(app-pages-browser)/./node_modules/next/dist/compiled/react-dom/cjs/react-dom-client.development.js:16487:17)
    at recursivelyTraverseAndDoubleInvokeEffectsInDEV (webpack-internal:///(app-pages-browser)/./node_modules/next/dist/compiled/react-dom/cjs/react-dom-client.development.js:16487:17)
    at recursivelyTraverseAndDoubleInvokeEffectsInDEV (webpack-internal:///(app-pages-browser)/./node_modules/next/dist/compiled/react-dom/cjs/react-dom-client.development.js:16487:17)
    at recursivelyTraverseAndDoubleInvokeEffectsInDEV (webpack-internal:///(app-pages-browser)/./node_modules/next/dist/compiled/react-dom/cjs/react-dom-client.development.js:16487:17)
    at recursivelyTraverseAndDoubleInvokeEffectsInDEV (webpack-internal:///(app-pages-browser)/./node_modules/next/dist/compiled/react-dom/cjs/react-dom-client.development.js:16487:17)
    at recursivelyTraverseAndDoubleInvokeEffectsInDEV (webpack-internal:///(app-pages-browser)/./node_modules/next/dist/compiled/react-dom/cjs/react-dom-client.development.js:16487:17)
    at recursivelyTraverseAndDoubleInvokeEffectsInDEV (webpack-internal:///(app-pages-browser)/./node_modules/next/dist/compiled/react-dom/cjs/react-dom-client.development.js:16487:17)
    at recursivelyTraverseAndDoubleInvokeEffectsInDEV (webpack-internal:///(app-pages-browser)/./node_modules/next/dist/compiled/react-dom/cjs/react-dom-client.development.js:16487:17)
    at recursivelyTraverseAndDoubleInvokeEffectsInDEV (webpack-internal:///(app-pages-browser)/./node_modules/next/dist/compiled/react-dom/cjs/react-dom-client.development.js:16487:17)
    at recursivelyTraverseAndDoubleInvokeEffectsInDEV (webpack-internal:///(app-pages-browser)/./node_modules/next/dist/compiled/react-dom/cjs/react-dom-client.development.js:16487:17)
    at recursivelyTraverseAndDoubleInvokeEffectsInDEV (webpack-internal:///(app-pages-browser)/./node_modules/next/dist/compiled/react-dom/cjs/react-dom-client.development.js:16487:17)
    at recursivelyTraverseAndDoubleInvokeEffectsInDEV (webpack-internal:///(app-pages-browser)/./node_modules/next/dist/compiled/react-dom/cjs/react-dom-client.development.js:16487:17)
    at recursivelyTraverseAndDoubleInvokeEffectsInDEV (webpack-internal:///(app-pages-browser)/./node_modules/next/dist/compiled/react-dom/cjs/react-dom-client.development.js:16487:17) @ webpack-internal:///(app-pages-browser)/./node_modules/next/dist/next-devtools/userspace/app/errors/intercept-console-error.js:56
[   25596ms] [LOG] [Fast Refresh] rebuilding @ webpack-internal:///(app-pages-browser)/./node_modules/next/dist/client/dev/hot-reloader/app/hot-reloader-app.js:196
[   29408ms] [LOG] [Fast Refresh] done in 3812ms @ webpack-internal:///(app-pages-browser)/./node_modules/next/dist/client/dev/report-hmr-latency.js:13
[   29782ms] [INFO] %cDownload the React DevTools for a better development experience: https://react.dev/link/react-devtools font-weight:bold @ webpack-internal:///(app-pages-browser)/./node_modules/next/dist/compiled/react-dom/cjs/react-dom-client.development.js:25581
[   29943ms] [LOG] %c[Vercel Web Analytics]%c Debug mode is enabled by default in development. No requests will be sent to the server. color: rgb(120, 120, 120) color: inherit @ https://va.vercel-scripts.com/v1/script.debug.js:0
[   29943ms] [LOG] %c[Vercel Web Analytics]%c Running queued event color: rgb(120, 120, 120) color: inherit pageview {route: /management/oval, path: /management/oval} @ https://va.vercel-scripts.com/v1/script.debug.js:0
[   29943ms] [LOG] %c[Vercel Web Analytics]%c [view] http://localhost:3022/management/oval color: rgb(120, 120, 120) color: inherit {o: http://localhost:3022/management/oval, sv: 0.1.3, sdkn: @vercel/analytics/next, sdkv: 2.0.1, ts: 1786976109567} /_vercel/insights/view @ https://va.vercel-scripts.com/v1/script.debug.js:0
[  100002ms] [ERROR] Connecting to 'data:application/octet-stream;base64,AGFzbQEAAAABvi+zBGAEf39/fwBgA39/fwBgA39/fwF/YAABf2ABfwF/YAJ/fwF/YAR/f39/AX9gBX9/f39/AX9gAn9/AGAFf39/fHwAYAR/f398AGACf38BfGABfwBgCH9/f39/f39/AX9gB39/f39/f38Bf2AGf39/f39/AX9gAn98AGACf30AYAZ/f39/f38AYAp/f39/fH9/fHx/AGAFf39/f38AYAZ/f3x8f38AYAV/f3x8fwBgBH9/fHwAYAZ/f398fH8AYAl/f398fHx8f38AYAh/f398fHx8fwBgB39/f3x8fHwAYAZ/f398fHwAYAl/f3x8f3x8fHwAYAh/f3x8f3x8fABgB39/fHx/fHwAYAZ/f3x8f3wAYAd/f39/fHx/AGAGf39/f3x8AGAFf39/f3wAYAh/f39/f3x8fwBgB39/f39/fHwAYAZ/f39/f3wAYAl/f39/f398fH8AYA...HkkD8LA7z5CwBBlJE/CwMQ+gsAQcSRPwsDZPoLAEH4kT8LA7j6CwBBiJI/CwuIMhkAAAAAAAz7CwBBsJI/CwuIMhkAiDIZAIgyGQBB2JI/CwNg+wsAQZiTPwsLiDIZAIgyGQC0+wsAQbyTPwsDCPwLAEHckz8LA4gyGQBB6JM/CwNc/AsAQYiUPwsPnhcAABADDACvGgwA0DIZAEGglD8LFxsAAADQGgwAgBwMALD8CwDgMhkAwDMZAEHAlD8LAQUAQcyUPwsC9ywAQeSUPwsO9CwAAPgsAACINBkAAAQAQfyUPwsBAQBBi5U/CwUK/////wBB0JU/CwlAyg8AAAAAAAUAQeSVPwsC9iwAQfyVPwsL9CwAAPMsAACcOBkAQZSWPwsBAgBBo5Y/CwX//////wBBpJg/CwPEOBkAQeCYPwsBCQBB7Jg/CwL2LABBgJk/CxL1LAAAAAAAAPMsAAD4OBkAAAQAQayZPwsE/////wBB8Jk/CwclLgAAZ88M' violates the following Content Security Policy directive: "connect-src 'self' https://api.razorpay.com https://lumberjack.razorpay.com https://lumberjack-cx.razorpay.com https://vitals.vercel-insights.com https://va.vercel-scripts.com https://cdn.jsdelivr.net https://paddle-model-ecology.bj.bcebos.com". The action has been blocked. @ webpack-internal:///(app-pages-browser)/./node_modules/@techstark/opencv-js/dist/opencv.js:19
[  100002ms] [ERROR] Fetch API cannot load data:application/octet-stream;base64,AGFzbQEAAAABvi+zBGAEf39/fwBgA39/fwBgA39/fwF/YAABf2ABfwF/YAJ/fwF/YAR/f39/AX9gBX9/f39/AX9gAn9/AGAFf39/fHwAYAR/f398AGACf38BfGABfwBgCH9/f39/f39/AX9gB39/f39/f38Bf2AGf39/f39/AX9gAn98AGACf30AYAZ/f39/f38AYAp/f39/fH9/fHx/AGAFf39/f38AYAZ/f3x8f38AYAV/f3x8fwBgBH9/fHwAYAZ/f398fH8AYAl/f398fHx8f38AYAh/f398fHx8fwBgB39/f3x8fHwAYAZ/f398fHwAYAl/f3x8f3x8fHwAYAh/f3x8f3x8fABgB39/fHx/fHwAYAZ/f3x8f3wAYAd/f39/fHx/AGAGf39/f3x8AGAFf39/f3wAYAh/f39/f3x8fwBgB39/f39/fHwAYAZ/f39/f3wAYAl/f39/f398fH8AYA...HkkD8LA7z5CwBBlJE/CwMQ+gsAQcSRPwsDZPoLAEH4kT8LA7j6CwBBiJI/CwuIMhkAAAAAAAz7CwBBsJI/CwuIMhkAiDIZAIgyGQBB2JI/CwNg+wsAQZiTPwsLiDIZAIgyGQC0+wsAQbyTPwsDCPwLAEHckz8LA4gyGQBB6JM/CwNc/AsAQYiUPwsPnhcAABADDACvGgwA0DIZAEGglD8LFxsAAADQGgwAgBwMALD8CwDgMhkAwDMZAEHAlD8LAQUAQcyUPwsC9ywAQeSUPwsO9CwAAPgsAACINBkAAAQAQfyUPwsBAQBBi5U/CwUK/////wBB0JU/CwlAyg8AAAAAAAUAQeSVPwsC9iwAQfyVPwsL9CwAAPMsAACcOBkAQZSWPwsBAgBBo5Y/CwX//////wBBpJg/CwPEOBkAQeCYPwsBCQBB7Jg/CwL2LABBgJk/CxL1LAAAAAAAAPMsAAD4OBkAAAQAQayZPwsE/////wBB8Jk/CwclLgAAZ88M. Refused to connect because it violates the document's Content Security Policy. @ webpack-internal:///(app-pages-browser)/./node_modules/@techstark/opencv-js/dist/opencv.js:19
[  215597ms] [INFO] %cDownload the React DevTools for a better development experience: https://react.dev/link/react-devtools font-weight:bold @ webpack-internal:///(app-pages-browser)/./node_modules/next/dist/compiled/react-dom/cjs/react-dom-client.development.js:25581
[  215752ms] [LOG] %c[Vercel Web Analytics]%c Debug mode is enabled by default in development. No requests will be sent to the server. color: rgb(120, 120, 120) color: inherit @ https://va.vercel-scripts.com/v1/script.debug.js:0
[  215752ms] [LOG] %c[Vercel Web Analytics]%c Running queued event color: rgb(120, 120, 120) color: inherit pageview {route: /management/oval, path: /management/oval} @ https://va.vercel-scripts.com/v1/script.debug.js:0
[  215752ms] [LOG] %c[Vercel Web Analytics]%c [view] http://localhost:3022/management/oval color: rgb(120, 120, 120) color: inherit {o: http://localhost:3022/management/oval, sv: 0.1.3, sdkn: @vercel/analytics/next, sdkv: 2.0.1, ts: 1786976295376} /_vercel/insights/view @ https://va.vercel-scripts.com/v1/script.debug.js:0
[  400261ms] [INFO] %cDownload the React DevTools for a better development experience: https://react.dev/link/react-devtools font-weight:bold @ webpack-internal:///(app-pages-browser)/./node_modules/next/dist/compiled/react-dom/cjs/react-dom-client.development.js:25581
[  400417ms] [LOG] %c[Vercel Web Analytics]%c Debug mode is enabled by default in development. No requests will be sent to the server. color: rgb(120, 120, 120) color: inherit @ https://va.vercel-scripts.com/v1/script.debug.js:0
[  400417ms] [LOG] %c[Vercel Web Analytics]%c Running queued event color: rgb(120, 120, 120) color: inherit pageview {route: /management/oval, path: /management/oval} @ https://va.vercel-scripts.com/v1/script.debug.js:0
[  400417ms] [LOG] %c[Vercel Web Analytics]%c [view] http://localhost:3022/management/oval color: rgb(120, 120, 120) color: inherit {o: http://localhost:3022/management/oval, sv: 0.1.3, sdkn: @vercel/analytics/next, sdkv: 2.0.1, ts: 1786976480042} /_vercel/insights/view @ https://va.vercel-scripts.com/v1/script.debug.js:0
[  444641ms] [ERROR] [0;93m2026-08-17 19:52:04.265198 [W:onnxruntime:, graph.cc:5241 CleanUnusedInitializersAndNodeArgs] Removing initializer 'p2o.pd_op.full_int_array.53.0'. It is not used by any node and should be removed from the model.[m @ https://cdn.jsdelivr.net/npm/onnxruntime-web@1.24.3/dist/ort-wasm-simd-threaded.jsep.mjs:67
[  444642ms] [ERROR] [0;93m2026-08-17 19:52:04.266699 [W:onnxruntime:, graph.cc:5241 CleanUnusedInitializersAndNodeArgs] Removing initializer 'p2o.pd_op.full.9.0'. It is not used by any node and should be removed from the model.[m @ https://cdn.jsdelivr.net/npm/onnxruntime-web@1.24.3/dist/ort-wasm-simd-threaded.jsep.mjs:67
[  444642ms] [ERROR] [0;93m2026-08-17 19:52:04.266798 [W:onnxruntime:, graph.cc:5241 CleanUnusedInitializersAndNodeArgs] Removing initializer 'p2o.pd_op.full_int_array.46.0'. It is not used by any node and should be removed from the model.[m @ https://cdn.jsdelivr.net/npm/onnxruntime-web@1.24.3/dist/ort-wasm-simd-threaded.jsep.mjs:67
[  444642ms] [ERROR] [0;93m2026-08-17 19:52:04.266999 [W:onnxruntime:, graph.cc:5241 CleanUnusedInitializersAndNodeArgs] Removing initializer 'p2o.pd_op.full.3.0'. It is not used by any node and should be removed from the model.[m @ https://cdn.jsdelivr.net/npm/onnxruntime-web@1.24.3/dist/ort-wasm-simd-threaded.jsep.mjs:67
[  444642ms] [ERROR] [0;93m2026-08-17 19:52:04.267199 [W:onnxruntime:, graph.cc:5241 CleanUnusedInitializersAndNodeArgs] Removing initializer 'p2o.pd_op.full.1.0'. It is not used by any node and should be removed from the model.[m @ https://cdn.jsdelivr.net/npm/onnxruntime-web@1.24.3/dist/ort-wasm-simd-threaded.jsep.mjs:67
[  444642ms] [ERROR] [0;93m2026-08-17 19:52:04.267298 [W:onnxruntime:, graph.cc:5241 CleanUnusedInitializersAndNodeArgs] Removing initializer 'p2o.pd_op.full_int_array.42.0'. It is not used by any node and should be removed from the model.[m @ https://cdn.jsdelivr.net/npm/onnxruntime-web@1.24.3/dist/ort-wasm-simd-threaded.jsep.mjs:67
[  444644ms] [ERROR] [0;93m2026-08-17 19:52:04.267499 [W:onnxruntime:, graph.cc:5241 CleanUnusedInitializersAndNodeArgs] Removing initializer 'p2o.pd_op.full_int_array.41.0'. It is not used by any node and should be removed from the model.[m @ https://cdn.jsdelivr.net/npm/onnxruntime-web@1.24.3/dist/ort-wasm-simd-threaded.jsep.mjs:67
[  444645ms] [ERROR] [0;93m2026-08-17 19:52:04.269498 [W:onnxruntime:, graph.cc:5241 CleanUnusedInitializersAndNodeArgs] Removing initializer 'p2o.pd_op.full_int_array.40.0'. It is not used by any node and should be removed from the model.[m @ https://cdn.jsdelivr.net/npm/onnxruntime-web@1.24.3/dist/ort-wasm-simd-threaded.jsep.mjs:67
[  444645ms] [ERROR] [0;93m2026-08-17 19:52:04.269698 [W:onnxruntime:, graph.cc:5241 CleanUnusedInitializersAndNodeArgs] Removing initializer 'p2o.pd_op.full_int_array.48.0'. It is not used by any node and should be removed from the model.[m @ https://cdn.jsdelivr.net/npm/onnxruntime-web@1.24.3/dist/ort-wasm-simd-threaded.jsep.mjs:67
[  444645ms] [ERROR] [0;93m2026-08-17 19:52:04.269798 [W:onnxruntime:, graph.cc:5241 CleanUnusedInitializersAndNodeArgs] Removing initializer 'p2o.pd_op.full_int_array.34.0'. It is not used by any node and should be removed from the model.[m @ https://cdn.jsdelivr.net/npm/onnxruntime-web@1.24.3/dist/ort-wasm-simd-threaded.jsep.mjs:67
[  444645ms] [ERROR] [0;93m2026-08-17 19:52:04.269999 [W:onnxruntime:, graph.cc:5241 CleanUnusedInitializersAndNodeArgs] Removing initializer 'p2o.pd_op.full_int_array.36.0'. It is not used by any node and should be removed from the model.[m @ https://cdn.jsdelivr.net/npm/onnxruntime-web@1.24.3/dist/ort-wasm-simd-threaded.jsep.mjs:67
[  444645ms] [ERROR] [0;93m2026-08-17 19:52:04.270199 [W:onnxruntime:, graph.cc:5241 CleanUnusedInitializersAndNodeArgs] Removing initializer 'p2o.pd_op.full_int_array.26.0'. It is not used by any node and should be removed from the model.[m @ https://cdn.jsdelivr.net/npm/onnxruntime-web@1.24.3/dist/ort-wasm-simd-threaded.jsep.mjs:67
[  444646ms] [ERROR] [0;93m2026-08-17 19:52:04.270499 [W:onnxruntime:, graph.cc:5241 CleanUnusedInitializersAndNodeArgs] Removing initializer 'p2o.pd_op.full_int_array.49.0'. It is not used by any node and should be removed from the model.[m @ https://cdn.jsdelivr.net/npm/onnxruntime-web@1.24.3/dist/ort-wasm-simd-threaded.jsep.mjs:67
[  444646ms] [ERROR] [0;93m2026-08-17 19:52:04.270899 [W:onnxruntime:, graph.cc:5241 CleanUnusedInitializersAndNodeArgs] Removing initializer 'p2o.pd_op.full_int_array.21.0'. It is not used by any node and should be removed from the model.[m @ https://cdn.jsdelivr.net/npm/onnxruntime-web@1.24.3/dist/ort-wasm-simd-threaded.jsep.mjs:67
[  444646ms] [ERROR] [0;93m2026-08-17 19:52:04.271098 [W:onnxruntime:, graph.cc:5241 CleanUnusedInitializersAndNodeArgs] Removing initializer 'p2o.pd_op.full.6.0'. It is not used by any node and should be removed from the model.[m @ https://cdn.jsdelivr.net/npm/onnxruntime-web@1.24.3/dist/ort-wasm-simd-threaded.jsep.mjs:67
[  444649ms] [ERROR] [0;93m2026-08-17 19:52:04.271399 [W:onnxruntime:, graph.cc:5241 CleanUnusedInitializersAndNodeArgs] Removing initializer 'p2o.pd_op.full.7.0'. It is not used by any node and should be removed from the model.[m @ https://cdn.jsdelivr.net/npm/onnxruntime-web@1.24.3/dist/ort-wasm-simd-threaded.jsep.mjs:67
[  444649ms] [ERROR] [0;93m2026-08-17 19:52:04.273798 [W:onnxruntime:, graph.cc:5241 CleanUnusedInitializersAndNodeArgs] Removing initializer 'p2o.pd_op.full_int_array.50.0'. It is not used by any node and should be removed from the model.[m @ https://cdn.jsdelivr.net/npm/onnxruntime-web@1.24.3/dist/ort-wasm-simd-threaded.jsep.mjs:67
[  444649ms] [ERROR] [0;93m2026-08-17 19:52:04.274099 [W:onnxruntime:, graph.cc:5241 CleanUnusedInitializersAndNodeArgs] Removing initializer 'p2o.pd_op.full.8.0'. It is not used by any node and should be removed from the model.[m @ https://cdn.jsdelivr.net/npm/onnxruntime-web@1.24.3/dist/ort-wasm-simd-threaded.jsep.mjs:67
[  444649ms] [ERROR] [0;93m2026-08-17 19:52:04.274199 [W:onnxruntime:, graph.cc:5241 CleanUnusedInitializersAndNodeArgs] Removing initializer 'p2o.pd_op.full.2.0'. It is not used by any node and should be removed from the model.[m @ https://cdn.jsdelivr.net/npm/onnxruntime-web@1.24.3/dist/ort-wasm-simd-threaded.jsep.mjs:67
[  444650ms] [ERROR] [0;93m2026-08-17 19:52:04.274399 [W:onnxruntime:, graph.cc:5241 CleanUnusedInitializersAndNodeArgs] Removing initializer 'p2o.pd_op.full_int_array.51.0'. It is not used by any node and should be removed from the model.[m @ https://cdn.jsdelivr.net/npm/onnxruntime-web@1.24.3/dist/ort-wasm-simd-threaded.jsep.mjs:67
[  444650ms] [ERROR] [0;93m2026-08-17 19:52:04.274599 [W:onnxruntime:, graph.cc:5241 CleanUnusedInitializersAndNodeArgs] Removing initializer 'p2o.pd_op.full_int_array.35.0'. It is not used by any node and should be removed from the model.[m @ https://cdn.jsdelivr.net/npm/onnxruntime-web@1.24.3/dist/ort-wasm-simd-threaded.jsep.mjs:67
[  444650ms] [ERROR] [0;93m2026-08-17 19:52:04.274798 [W:onnxruntime:, graph.cc:5241 CleanUnusedInitializersAndNodeArgs] Removing initializer 'p2o.pd_op.full_int_array.43.0'. It is not used by any node and should be removed from the model.[m @ https://cdn.jsdelivr.net/npm/onnxruntime-web@1.24.3/dist/ort-wasm-simd-threaded.jsep.mjs:67
[  444650ms] [ERROR] [0;93m2026-08-17 19:52:04.274999 [W:onnxruntime:, graph.cc:5241 CleanUnusedInitializersAndNodeArgs] Removing initializer 'p2o.pd_op.full.13.0'. It is not used by any node and should be removed from the model.[m @ https://cdn.jsdelivr.net/npm/onnxruntime-web@1.24.3/dist/ort-wasm-simd-threaded.jsep.mjs:67
[  444653ms] [ERROR] [0;93m2026-08-17 19:52:04.277798 [W:onnxruntime:, graph.cc:5241 CleanUnusedInitializersAndNodeArgs] Removing initializer 'p2o.pd_op.full_int_array.47.0'. It is not used by any node and should be removed from the model.[m @ https://cdn.jsdelivr.net/npm/onnxruntime-web@1.24.3/dist/ort-wasm-simd-threaded.jsep.mjs:67
[  444654ms] [ERROR] [0;93m2026-08-17 19:52:04.278298 [W:onnxruntime:, graph.cc:5241 CleanUnusedInitializersAndNodeArgs] Removing initializer 'p2o.pd_op.full.4.0'. It is not used by any node and should be removed from the model.[m @ https://cdn.jsdelivr.net/npm/onnxruntime-web@1.24.3/dist/ort-wasm-simd-threaded.jsep.mjs:67
[  444655ms] [ERROR] [0;93m2026-08-17 19:52:04.279298 [W:onnxruntime:, graph.cc:5241 CleanUnusedInitializersAndNodeArgs] Removing initializer 'p2o.pd_op.full_int_array.38.0'. It is not used by any node and should be removed from the model.[m @ https://cdn.jsdelivr.net/npm/onnxruntime-web@1.24.3/dist/ort-wasm-simd-threaded.jsep.mjs:67
[  444655ms] [ERROR] [0;93m2026-08-17 19:52:04.279499 [W:onnxruntime:, graph.cc:5241 CleanUnusedInitializersAndNodeArgs] Removing initializer 'p2o.pd_op.full_int_array.39.0'. It is not used by any node and should be removed from the model.[m @ https://cdn.jsdelivr.net/npm/onnxruntime-web@1.24.3/dist/ort-wasm-simd-threaded.jsep.mjs:67
[  635232ms] [LOG] [Fast Refresh] rebuilding @ webpack-internal:///(app-pages-browser)/./node_modules/next/dist/client/dev/hot-reloader/app/hot-reloader-app.js:196
[  635665ms] [LOG] [Fast Refresh] done in 433ms @ webpack-internal:///(app-pages-browser)/./node_modules/next/dist/client/dev/report-hmr-latency.js:13
[  635680ms] [LOG] [Fast Refresh] rebuilding @ webpack-internal:///(app-pages-browser)/./node_modules/next/dist/client/dev/hot-reloader/app/hot-reloader-app.js:196
[  636613ms] [LOG] [Fast Refresh] done in 933ms @ webpack-internal:///(app-pages-browser)/./node_modules/next/dist/client/dev/report-hmr-latency.js:13
[  656252ms] [LOG] [Fast Refresh] rebuilding @ webpack-internal:///(app-pages-browser)/./node_modules/next/dist/client/dev/hot-reloader/app/hot-reloader-app.js:196
[  656492ms] [LOG] [Fast Refresh] done in 239ms @ webpack-internal:///(app-pages-browser)/./node_modules/next/dist/client/dev/report-hmr-latency.js:13
[  696130ms] [ERROR] [0;93m2026-08-17 19:56:15.752400 [W:onnxruntime:, graph.cc:5241 CleanUnusedInitializersAndNodeArgs] Removing initializer 'p2o.pd_op.full_int_array.53.0'. It is not used by any node and should be removed from the model.[m @ https://cdn.jsdelivr.net/npm/onnxruntime-web@1.24.3/dist/ort-wasm-simd-threaded.jsep.mjs:67
[  696130ms] [ERROR] [0;93m2026-08-17 19:56:15.754300 [W:onnxruntime:, graph.cc:5241 CleanUnusedInitializersAndNodeArgs] Removing initializer 'p2o.pd_op.full.9.0'. It is not used by any node and should be removed from the model.[m @ https://cdn.jsdelivr.net/npm/onnxruntime-web@1.24.3/dist/ort-wasm-simd-threaded.jsep.mjs:67
[  696131ms] [ERROR] [0;93m2026-08-17 19:56:15.754600 [W:onnxruntime:, graph.cc:5241 CleanUnusedInitializersAndNodeArgs] Removing initializer 'p2o.pd_op.full_int_array.46.0'. It is not used by any node and should be removed from the model.[m @ https://cdn.jsdelivr.net/npm/onnxruntime-web@1.24.3/dist/ort-wasm-simd-threaded.jsep.mjs:67
[  696131ms] [ERROR] [0;93m2026-08-17 19:56:15.754800 [W:onnxruntime:, graph.cc:5241 CleanUnusedInitializersAndNodeArgs] Removing initializer 'p2o.pd_op.full.3.0'. It is not used by any node and should be removed from the model.[m @ https://cdn.jsdelivr.net/npm/onnxruntime-web@1.24.3/dist/ort-wasm-simd-threaded.jsep.mjs:67
[  696131ms] [ERROR] [0;93m2026-08-17 19:56:15.755000 [W:onnxruntime:, graph.cc:5241 CleanUnusedInitializersAndNodeArgs] Removing initializer 'p2o.pd_op.full.1.0'. It is not used by any node and should be removed from the model.[m @ https://cdn.jsdelivr.net/npm/onnxruntime-web@1.24.3/dist/ort-wasm-simd-threaded.jsep.mjs:67
[  696131ms] [ERROR] [0;93m2026-08-17 19:56:15.755200 [W:onnxruntime:, graph.cc:5241 CleanUnusedInitializersAndNodeArgs] Removing initializer 'p2o.pd_op.full_int_array.42.0'. It is not used by any node and should be removed from the model.[m @ https://cdn.jsdelivr.net/npm/onnxruntime-web@1.24.3/dist/ort-wasm-simd-threaded.jsep.mjs:67
[  696132ms] [ERROR] [0;93m2026-08-17 19:56:15.755400 [W:onnxruntime:, graph.cc:5241 CleanUnusedInitializersAndNodeArgs] Removing initializer 'p2o.pd_op.full_int_array.41.0'. It is not used by any node and should be removed from the model.[m @ https://cdn.jsdelivr.net/npm/onnxruntime-web@1.24.3/dist/ort-wasm-simd-threaded.jsep.mjs:67
[  696132ms] [ERROR] [0;93m2026-08-17 19:56:15.756199 [W:onnxruntime:, graph.cc:5241 CleanUnusedInitializersAndNodeArgs] Removing initializer 'p2o.pd_op.full_int_array.40.0'. It is not used by any node and should be removed from the model.[m @ https://cdn.jsdelivr.net/npm/onnxruntime-web@1.24.3/dist/ort-wasm-simd-threaded.jsep.mjs:67
[  696132ms] [ERROR] [0;93m2026-08-17 19:56:15.756400 [W:onnxruntime:, graph.cc:5241 CleanUnusedInitializersAndNodeArgs] Removing initializer 'p2o.pd_op.full_int_array.48.0'. It is not used by any node and should be removed from the model.[m @ https://cdn.jsdelivr.net/npm/onnxruntime-web@1.24.3/dist/ort-wasm-simd-threaded.jsep.mjs:67
[  696133ms] [ERROR] [0;93m2026-08-17 19:56:15.756600 [W:onnxruntime:, graph.cc:5241 CleanUnusedInitializersAndNodeArgs] Removing initializer 'p2o.pd_op.full_int_array.34.0'. It is not used by any node and should be removed from the model.[m @ https://cdn.jsdelivr.net/npm/onnxruntime-web@1.24.3/dist/ort-wasm-simd-threaded.jsep.mjs:67
[  696133ms] [ERROR] [0;93m2026-08-17 19:56:15.756999 [W:onnxruntime:, graph.cc:5241 CleanUnusedInitializersAndNodeArgs] Removing initializer 'p2o.pd_op.full_int_array.36.0'. It is not used by any node and should be removed from the model.[m @ https://cdn.jsdelivr.net/npm/onnxruntime-web@1.24.3/dist/ort-wasm-simd-threaded.jsep.mjs:67
[  696133ms] [ERROR] [0;93m2026-08-17 19:56:15.757100 [W:onnxruntime:, graph.cc:5241 CleanUnusedInitializersAndNodeArgs] Removing initializer 'p2o.pd_op.full_int_array.26.0'. It is not used by any node and should be removed from the model.[m @ https://cdn.jsdelivr.net/npm/onnxruntime-web@1.24.3/dist/ort-wasm-simd-threaded.jsep.mjs:67
[  696133ms] [ERROR] [0;93m2026-08-17 19:56:15.757300 [W:onnxruntime:, graph.cc:5241 CleanUnusedInitializersAndNodeArgs] Removing initializer 'p2o.pd_op.full_int_array.49.0'. It is not used by any node and should be removed from the model.[m @ https://cdn.jsdelivr.net/npm/onnxruntime-web@1.24.3/dist/ort-wasm-simd-threaded.jsep.mjs:67
[  696133ms] [ERROR] [0;93m2026-08-17 19:56:15.757500 [W:onnxruntime:, graph.cc:5241 CleanUnusedInitializersAndNodeArgs] Removing initializer 'p2o.pd_op.full_int_array.21.0'. It is not used by any node and should be removed from the model.[m @ https://cdn.jsdelivr.net/npm/onnxruntime-web@1.24.3/dist/ort-wasm-simd-threaded.jsep.mjs:67
[  696134ms] [ERROR] [0;93m2026-08-17 19:56:15.757600 [W:onnxruntime:, graph.cc:5241 CleanUnusedInitializersAndNodeArgs] Removing initializer 'p2o.pd_op.full.6.0'. It is not used by any node and should be removed from the model.[m @ https://cdn.jsdelivr.net/npm/onnxruntime-web@1.24.3/dist/ort-wasm-simd-threaded.jsep.mjs:67
[  696134ms] [ERROR] [0;93m2026-08-17 19:56:15.757900 [W:onnxruntime:, graph.cc:5241 CleanUnusedInitializersAndNodeArgs] Removing initializer 'p2o.pd_op.full.7.0'. It is not used by any node and should be removed from the model.[m @ https://cdn.jsdelivr.net/npm/onnxruntime-web@1.24.3/dist/ort-wasm-simd-threaded.jsep.mjs:67
[  696134ms] [ERROR] [0;93m2026-08-17 19:56:15.758200 [W:onnxruntime:, graph.cc:5241 CleanUnusedInitializersAndNodeArgs] Removing initializer 'p2o.pd_op.full_int_array.50.0'. It is not used by any node and should be removed from the model.[m @ https://cdn.jsdelivr.net/npm/onnxruntime-web@1.24.3/dist/ort-wasm-simd-threaded.jsep.mjs:67
[  696134ms] [ERROR] [0;93m2026-08-17 19:56:15.758400 [W:onnxruntime:, graph.cc:5241 CleanUnusedInitializersAndNodeArgs] Removing initializer 'p2o.pd_op.full.8.0'. It is not used by any node and should be removed from the model.[m @ https://cdn.jsdelivr.net/npm/onnxruntime-web@1.24.3/dist/ort-wasm-simd-threaded.jsep.mjs:67
[  696135ms] [ERROR] [0;93m2026-08-17 19:56:15.758600 [W:onnxruntime:, graph.cc:5241 CleanUnusedInitializersAndNodeArgs] Removing initializer 'p2o.pd_op.full.2.0'. It is not used by any node and should be removed from the model.[m @ https://cdn.jsdelivr.net/npm/onnxruntime-web@1.24.3/dist/ort-wasm-simd-threaded.jsep.mjs:67
[  696135ms] [ERROR] [0;93m2026-08-17 19:56:15.758800 [W:onnxruntime:, graph.cc:5241 CleanUnusedInitializersAndNodeArgs] Removing initializer 'p2o.pd_op.full_int_array.51.0'. It is not used by any node and should be removed from the model.[m @ https://cdn.jsdelivr.net/npm/onnxruntime-web@1.24.3/dist/ort-wasm-simd-threaded.jsep.mjs:67
[  696135ms] [ERROR] [0;93m2026-08-17 19:56:15.758900 [W:onnxruntime:, graph.cc:5241 CleanUnusedInitializersAndNodeArgs] Removing initializer 'p2o.pd_op.full_int_array.35.0'. It is not used by any node and should be removed from the model.[m @ https://cdn.jsdelivr.net/npm/onnxruntime-web@1.24.3/dist/ort-wasm-simd-threaded.jsep.mjs:67
[  696135ms] [ERROR] [0;93m2026-08-17 19:56:15.759100 [W:onnxruntime:, graph.cc:5241 CleanUnusedInitializersAndNodeArgs] Removing initializer 'p2o.pd_op.full_int_array.43.0'. It is not used by any node and should be removed from the model.[m @ https://cdn.jsdelivr.net/npm/onnxruntime-web@1.24.3/dist/ort-wasm-simd-threaded.jsep.mjs:67
[  696135ms] [ERROR] [0;93m2026-08-17 19:56:15.759300 [W:onnxruntime:, graph.cc:5241 CleanUnusedInitializersAndNodeArgs] Removing initializer 'p2o.pd_op.full.13.0'. It is not used by any node and should be removed from the model.[m @ https://cdn.jsdelivr.net/npm/onnxruntime-web@1.24.3/dist/ort-wasm-simd-threaded.jsep.mjs:67
[  696136ms] [ERROR] [0;93m2026-08-17 19:56:15.759500 [W:onnxruntime:, graph.cc:5241 CleanUnusedInitializersAndNodeArgs] Removing initializer 'p2o.pd_op.full_int_array.47.0'. It is not used by any node and should be removed from the model.[m @ https://cdn.jsdelivr.net/npm/onnxruntime-web@1.24.3/dist/ort-wasm-simd-threaded.jsep.mjs:67
[  696136ms] [ERROR] [0;93m2026-08-17 19:56:15.759800 [W:onnxruntime:, graph.cc:5241 CleanUnusedInitializersAndNodeArgs] Removing initializer 'p2o.pd_op.full.4.0'. It is not used by any node and should be removed from the model.[m @ https://cdn.jsdelivr.net/npm/onnxruntime-web@1.24.3/dist/ort-wasm-simd-threaded.jsep.mjs:67
[  696136ms] [ERROR] [0;93m2026-08-17 19:56:15.760499 [W:onnxruntime:, graph.cc:5241 CleanUnusedInitializersAndNodeArgs] Removing initializer 'p2o.pd_op.full_int_array.38.0'. It is not used by any node and should be removed from the model.[m @ https://cdn.jsdelivr.net/npm/onnxruntime-web@1.24.3/dist/ort-wasm-simd-threaded.jsep.mjs:67
[  696137ms] [ERROR] [0;93m2026-08-17 19:56:15.760600 [W:onnxruntime:, graph.cc:5241 CleanUnusedInitializersAndNodeArgs] Removing initializer 'p2o.pd_op.full_int_array.39.0'. It is not used by any node and should be removed from the model.[m @ https://cdn.jsdelivr.net/npm/onnxruntime-web@1.24.3/dist/ort-wasm-simd-threaded.jsep.mjs:67
[  836792ms] [LOG] [Fast Refresh] rebuilding @ webpack-internal:///(app-pages-browser)/./node_modules/next/dist/client/dev/hot-reloader/app/hot-reloader-app.js:196
[  837423ms] [LOG] [Fast Refresh] done in 632ms @ webpack-internal:///(app-pages-browser)/./node_modules/next/dist/client/dev/report-hmr-latency.js:13
[  837535ms] [ERROR] Failed to load resource: the server responded with a status of 422 (Unprocessable Entity) @ http://localhost:3022/api/management/oval/extract:0
[  858785ms] [LOG] [Fast Refresh] rebuilding @ webpack-internal:///(app-pages-browser)/./node_modules/next/dist/client/dev/hot-reloader/app/hot-reloader-app.js:196
[  859078ms] [LOG] [Fast Refresh] done in 294ms @ webpack-internal:///(app-pages-browser)/./node_modules/next/dist/client/dev/report-hmr-latency.js:13
[ 1028430ms] [LOG] [Fast Refresh] rebuilding @ webpack-internal:///(app-pages-browser)/./node_modules/next/dist/client/dev/hot-reloader/app/hot-reloader-app.js:196
[ 1030491ms] [LOG] [Fast Refresh] done in 2061ms @ webpack-internal:///(app-pages-browser)/./node_modules/next/dist/client/dev/report-hmr-latency.js:13
[ 1034658ms] [LOG] [Fast Refresh] rebuilding @ webpack-internal:///(app-pages-browser)/./node_modules/next/dist/client/dev/hot-reloader/app/hot-reloader-app.js:196
[ 1035726ms] [LOG] [Fast Refresh] done in 1067ms @ webpack-internal:///(app-pages-browser)/./node_modules/next/dist/client/dev/report-hmr-latency.js:13
[ 1035738ms] [LOG] [Fast Refresh] rebuilding @ webpack-internal:///(app-pages-browser)/./node_modules/next/dist/client/dev/hot-reloader/app/hot-reloader-app.js:196
[ 1035818ms] [LOG] [Fast Refresh] done in 81ms @ webpack-internal:///(app-pages-browser)/./node_modules/next/dist/client/dev/report-hmr-latency.js:13
